{"lines": 5, "words": 34, "vowels": 65, "palindromes": 8, "sentence_palindromes": 0}