{"lines": 0, "words": 0, "vowels": 0, "palindromes": 0, "sentence_palindromes": 0}