{"lines": 4, "words": 15, "vowels": 24, "palindromes": 1, "sentence_palindromes": 0}